# Test file for 2-matrix_divided.py # 

>>> matrix_divided = __import__("2-matrix_divided").matrix_divided

# Easily divisible numbers in matrix #
>>> matrix_divided([[4, 6], [10, 12]], 2)
[[2.0, 3.0], [5.0, 6.0]]

# Resulting matrix contains floats #
>>> matrix_divided([[1, 2, 3], [4, 5, 6]], 2)
[[0.5, 1.0, 1.5], [2.0, 2.5, 3.0]]

# Matrix does not exclusively contain integers or floats # 
>>> matrix_divided([[1, 2, 3], [4, 5, 'integer']], 4)
Traceback (most recent call last):
	...
TypeError: matrix must be a matrix (list of lists) of integers/floats

# Divisor is not an integer or float #
>>> matrix_divided([[1, 2], [3, 4], 'string')
Traceback (most recent call last):
	...
TypeError: div must be a number

# Matrices are not the same size #
>>> matrix_divided([[1, 2, 3], [4, 5], 2)
Traceback (most recent call last):
	...
TypeError: Each row of the matrix must have the same size

# Divisor equal to 0 #
>>> matrix_divided([[17, 12, 1.5], [2.7, 14, 1], 0)
Traceback (most recent call last):
	...
ZeroDivisionError: division by 0
