# Test file for 1-my_list.py #

>>> print_sorted = __import__("1-my_list").my_list

# correctly prints a sorted list passed into function #
>>> my_list = MyList([2, 1, 9, 5])
>>> my_list.print_sorted()
1, 2, 5, 9

>>> my_list = MyList([3, 1, -5, 19])
>>> my_list.print_sorted()
-5, 1, 3, 19


# invalid test #

>>> print_sorted(3, 1, A, 19)
Traceback (most recent call last): 
