# Test file for 1-my_list.py #

>>> MyList = __import__('1-my_list').MyList

# no paramters #
>>> my_list = MyList()
>>> my_list.print_sorted()
[]

# correctly prints a sorted list passed into function #
>>> my_list = MyList([2, 1, 9, 5])
>>> my_list.print_sorted()
[1, 2, 5, 9]

>>> my_list = MyList([3, 1, -5, 19])
>>> my_list.print_sorted()
[-5, 1, 3, 19]


# invalid test #

>>> my_list = MyList([3, 1, blah, 19])
>>> my_list.print_sorted()
Traceback (most recent call last):
	...
NameError: name 'blah' is not defined 
