# Test file for base-geometry.py # 

>>> BaseGeometry = __import__('7-base_geometry').BaseGeometry

# Valid integer value #
>>> integer_validator("age", 1)

# Value not an integer #
>>> integer_validator("width", test)
Traceback (most recent call last):
	...
TypeError: <name> must be an integer

# Value is less than or equal to 0 #
>>> integer_validator("age", 0)
Traceback (most recent call last):
	...
ValueError: <name> must be greater than 0

>>> integer_validator("age", -4)
Traceback (most recent call last):
	...
ValueError: <name> must be greater than 0

# Other invalid value inputs #
>>>integer_validator("age", "4")
Traceback (most recent call last):
        ...
TypeError: <name> must be an integer

>>>integer_validator("age", [3])
Traceback (most recent call last):
        ...
TypeError: <name> must be an integer

>>>integer_validator("age", True)
Traceback (most recent call last):
        ...
TypeError: <name> must be an integer

>>>integer_validator("age", None)
